[demo.w3layouts.com/demos_new/template_demo/27-03-2020/my_website-liberty-demo_Free/987990477/web/index.html]
[backblue.gif]
[fade.gif]
[index.html]
[demo.w3layouts.com/demos_new/template_demo/27-03-2020/my_website-liberty-demo_Free/987990477/web/assets/css/style-liberty.css]
[m.servedby-buysellads.com/monetization.js]
[demo.w3layouts.com/js/autotrack.js]
[demo.w3layouts.com/assests/css/font-awesome.min.css]
[demo.w3layouts.com/demos_new/template_demo/27-03-2020/my_website-liberty-demo_Free/987990477/web/about.html]
[demo.w3layouts.com/demos_new/template_demo/27-03-2020/my_website-liberty-demo_Free/987990477/web/services.html]
[demo.w3layouts.com/demos_new/template_demo/27-03-2020/my_website-liberty-demo_Free/987990477/web/blog.html]
[demo.w3layouts.com/demos_new/template_demo/27-03-2020/my_website-liberty-demo_Free/987990477/web/blog-single.html]
[demo.w3layouts.com/demos_new/template_demo/27-03-2020/my_website-liberty-demo_Free/987990477/web/single.html]
[demo.w3layouts.com/demos_new/template_demo/27-03-2020/my_website-liberty-demo_Free/987990477/web/contact.html]
[demo.w3layouts.com/demos_new/template_demo/27-03-2020/my_website-liberty-demo_Free/987990477/web/assets/images/c1.jpg]
[demo.w3layouts.com/demos_new/template_demo/27-03-2020/my_website-liberty-demo_Free/987990477/web/assets/images/g1.jpg]
[demo.w3layouts.com/demos_new/template_demo/27-03-2020/my_website-liberty-demo_Free/987990477/web/assets/images/g2.jpg]
[demo.w3layouts.com/demos_new/template_demo/27-03-2020/my_website-liberty-demo_Free/987990477/web/assets/images/g3.jpg]
[demo.w3layouts.com/demos_new/template_demo/27-03-2020/my_website-liberty-demo_Free/987990477/web/assets/images/g4.jpg]
[demo.w3layouts.com/demos_new/template_demo/27-03-2020/my_website-liberty-demo_Free/987990477/web/assets/images/g5.jpg]
[demo.w3layouts.com/demos_new/template_demo/27-03-2020/my_website-liberty-demo_Free/987990477/web/assets/images/g6.jpg]
[demo.w3layouts.com/demos_new/template_demo/27-03-2020/my_website-liberty-demo_Free/987990477/web/assets/images/g7.jpg]
[demo.w3layouts.com/demos_new/template_demo/27-03-2020/my_website-liberty-demo_Free/987990477/web/assets/images/g8.jpg]
[demo.w3layouts.com/demos_new/template_demo/27-03-2020/my_website-liberty-demo_Free/987990477/web/assets/js/jquery-3.3.1.min.js]
[demo.w3layouts.com/demos_new/template_demo/27-03-2020/my_website-liberty-demo_Free/987990477/web/assets/js/lightbox-plus-jquery.min.js]
[demo.w3layouts.com/demos_new/template_demo/27-03-2020/my_website-liberty-demo_Free/987990477/web/assets/images/c2.jpg]
[demo.w3layouts.com/demos_new/template_demo/27-03-2020/my_website-liberty-demo_Free/987990477/web/assets/images/c3.jpg]
[code.jquery.com/jquery-3.4.1.slim.min.js]
[stackpath.bootstrapcdn.com/bootstrap/4.4.1/js/bootstrap.min.js]
[demo.w3layouts.com/demos_new/template_demo/27-03-2020/my_website-liberty-demo_Free/987990477/web/index.html]
[a.vdo.ai/core/v-w3layouts/vdo.ai.js]
[demo.w3layouts.com/demos_new/template_demo/27-03-2020/my_website-liberty-demo_Free/987990477/web/assets/fonts/fontawesome-webfont3e6e.eot]
[demo.w3layouts.com/demos_new/template_demo/27-03-2020/my_website-liberty-demo_Free/987990477/web/assets/fonts/fontawesome-webfontd41d.eot]
[demo.w3layouts.com/demos_new/template_demo/27-03-2020/my_website-liberty-demo_Free/987990477/web/assets/fonts/fontawesome-webfont3e6e.woff2]
[demo.w3layouts.com/demos_new/template_demo/27-03-2020/my_website-liberty-demo_Free/987990477/web/assets/fonts/fontawesome-webfont3e6e.woff]
[demo.w3layouts.com/demos_new/template_demo/27-03-2020/my_website-liberty-demo_Free/987990477/web/assets/fonts/fontawesome-webfont3e6e.ttf]
[demo.w3layouts.com/demos_new/template_demo/27-03-2020/my_website-liberty-demo_Free/987990477/web/assets/fonts/fontawesome-webfont3e6e.svg]
[demo.w3layouts.com/demos_new/template_demo/27-03-2020/my_website-liberty-demo_Free/987990477/web/assets/images/1.jpg]
[demo.w3layouts.com/demos_new/template_demo/27-03-2020/my_website-liberty-demo_Free/987990477/web/assets/images/3.jpg]
[demo.w3layouts.com/demos_new/template_demo/27-03-2020/my_website-liberty-demo_Free/987990477/web/assets/images/img-sprite.png]
[demo.w3layouts.com/demos_new/template_demo/27-03-2020/my_website-liberty-demo_Free/987990477/web/assets/images/close.png]
[demo.w3layouts.com/demos_new/template_demo/27-03-2020/my_website-liberty-demo_Free/987990477/web/assets/images/2.jpg]
[demo.w3layouts.com/demos_new/template_demo/27-03-2020/my_website-liberty-demo_Free/987990477/web/assets/css/style-liberty.css]
[demo.w3layouts.com/demos_new/template_demo/27-03-2020/my_website-liberty-demo_Free/987990477/web/assets/images/4.jpg]
[demo.w3layouts.com/assests/css/font-awesome.min.css]
[demo.w3layouts.com/demos_new/template_demo/27-03-2020/my_website-liberty-demo_Free/987990477/web/assets/images/22.jpg]
[demo.w3layouts.com/demos_new/template_demo/27-03-2020/my_website-liberty-demo_Free/987990477/web/about.html]
[demo.w3layouts.com/demos_new/template_demo/27-03-2020/my_website-liberty-demo_Free/987990477/web/services.html]
[demo.w3layouts.com/demos_new/template_demo/27-03-2020/my_website-liberty-demo_Free/987990477/web/blog.html]
[demo.w3layouts.com/demos_new/template_demo/27-03-2020/my_website-liberty-demo_Free/987990477/web/blog-single.html]
[demo.w3layouts.com/demos_new/template_demo/27-03-2020/my_website-liberty-demo_Free/987990477/web/single.html]
[demo.w3layouts.com/demos_new/template_demo/27-03-2020/my_website-liberty-demo_Free/987990477/web/contact.html]
[demo.w3layouts.com/demos_new/template_demo/27-03-2020/my_website-liberty-demo_Free/987990477/web/assets/fonts/fontawesome-webfont3e6e.svg]
